// Jest Snapshot v1, https://goo.gl/fbAQLP

exports[`Sidebar component should be rendered correctly 1`] = `
<aside
  className="o-sidebar"
>
  <nav>
    <ul
      className="c-nav"
    >
      <li
        className="c-nav-item"
      >
        <NavLink
          activeClassName="is-active"
          className="c-nav-link"
          to="/card"
        >
          <Icon
            className="c-nav-icon"
            icon="credit-card"
            spin={false}
          />
          My cards
        </NavLink>
      </li>
      <li
        className="c-nav-item"
      >
        <NavLink
          activeClassName="is-active"
          className="c-nav-link"
          to="/add"
        >
          <Icon
            className="c-nav-icon"
            icon="credit-card-add"
            spin={false}
          />
          New card
        </NavLink>
      </li>
      <li
        className="c-nav-item"
      >
        <NavLink
          activeClassName="is-active"
          className="c-nav-link"
          to="/wallet"
        >
          <Icon
            className="c-nav-icon"
            icon="wallet"
            spin={false}
          />
          My wallets
        </NavLink>
      </li>
    </ul>
  </nav>
</aside>
`;
